started Thu Sep  3 08:47:05 +0545 2026
[08:47:05] START best-response Random
[08:47:05] START best-response GreedyTricks
[08:47:05] START best-response TenAware
[08:47:05] START best-response Adaptive
[08:47:05] START best-response TensThenTricks
[08:47:05] START ablate none seed 1
[08:47:05] START ablate no_ten_status seed 1
[08:47:05] START ablate no_voids seed 1
[08:47:05] START ablate no_history seed 1
[08:47:05] START ablate no_scalars seed 1
[08:47:05] START ablate minimal seed 1
[encoding ablation: no_voids — 16/360 features zeroed]
[encoding ablation: no_scalars — 5/360 features zeroed]
[encoding ablation: none — 0/360 features zeroed]
[encoding ablation: no_ten_status — 12/360 features zeroed]
[encoding ablation: no_history — 208/360 features zeroed]
[encoding ablation: minimal — 241/360 features zeroed]
    [minimal] ep   5000/120000 ( 4.2%)     3.7 min  eta   86.0 min
    [no_history] ep   5000/120000 ( 4.2%)     3.7 min  eta   86.1 min
    [no_ten_status] ep   5000/120000 ( 4.2%)     3.8 min  eta   86.3 min
    [no_voids] ep   5000/120000 ( 4.2%)     3.8 min  eta   86.7 min
    [no_scalars] ep   5000/120000 ( 4.2%)     3.8 min  eta   87.1 min
    [none] ep   5000/120000 ( 4.2%)     3.8 min  eta   87.5 min
    [no_history] ep  10000/120000 ( 8.3%)     7.8 min  eta   85.4 min
    [minimal] ep  10000/120000 ( 8.3%)     7.8 min  eta   85.4 min
    [no_ten_status] ep  10000/120000 ( 8.3%)     7.8 min  eta   85.4 min
    [no_voids] ep  10000/120000 ( 8.3%)     7.8 min  eta   85.7 min
    [no_scalars] ep  10000/120000 ( 8.3%)     7.8 min  eta   85.9 min
    [none] ep  10000/120000 ( 8.3%)     7.8 min  eta   86.0 min
    [no_history] ep  15000/120000 (12.5%)    11.8 min  eta   82.3 min
    [no_ten_status] ep  15000/120000 (12.5%)    11.8 min  eta   82.3 min
    [minimal] ep  15000/120000 (12.5%)    11.8 min  eta   82.5 min
    [no_voids] ep  15000/120000 (12.5%)    11.8 min  eta   82.5 min
    [no_scalars] ep  15000/120000 (12.5%)    11.8 min  eta   82.9 min
    [none] ep  15000/120000 (12.5%)    11.9 min  eta   83.0 min
    [minimal] ep  20000/120000 (16.7%)    15.8 min  eta   78.8 min
    [no_history] ep  20000/120000 (16.7%)    15.8 min  eta   78.8 min
    [no_ten_status] ep  20000/120000 (16.7%)    15.8 min  eta   78.8 min
    [no_voids] ep  20000/120000 (16.7%)    15.8 min  eta   79.0 min
    [no_scalars] ep  20000/120000 (16.7%)    15.8 min  eta   79.2 min
    [none] ep  20000/120000 (16.7%)    15.9 min  eta   79.3 min
    [no_ten_status] ep  25000/120000 (20.8%)    19.7 min  eta   75.0 min
    [minimal] ep  25000/120000 (20.8%)    19.8 min  eta   75.1 min
    [no_history] ep  25000/120000 (20.8%)    19.8 min  eta   75.1 min
    [no_voids] ep  25000/120000 (20.8%)    19.8 min  eta   75.2 min
    [no_scalars] ep  25000/120000 (20.8%)    19.8 min  eta   75.4 min
    [none] ep  25000/120000 (20.8%)    19.9 min  eta   75.5 min
    [no_history] ep  30000/120000 (25.0%)    23.7 min  eta   71.1 min
    [no_ten_status] ep  30000/120000 (25.0%)    23.7 min  eta   71.1 min
    [no_voids] ep  30000/120000 (25.0%)    23.7 min  eta   71.1 min
    [minimal] ep  30000/120000 (25.0%)    23.8 min  eta   71.3 min
    [no_scalars] ep  30000/120000 (25.0%)    23.8 min  eta   71.4 min
    [none] ep  30000/120000 (25.0%)    23.9 min  eta   71.6 min
    [no_history] ep  35000/120000 (29.2%)    27.7 min  eta   67.2 min
    [no_ten_status] ep  35000/120000 (29.2%)    27.7 min  eta   67.2 min
    [no_voids] ep  35000/120000 (29.2%)    27.7 min  eta   67.2 min
    [minimal] ep  35000/120000 (29.2%)    27.7 min  eta   67.3 min
    [no_scalars] ep  35000/120000 (29.2%)    27.8 min  eta   67.5 min
    [none] ep  35000/120000 (29.2%)    27.9 min  eta   67.7 min
    [no_history] ep  40000/120000 (33.3%)    31.6 min  eta   63.3 min
    [no_voids] ep  40000/120000 (33.3%)    31.6 min  eta   63.3 min
    [no_ten_status] ep  40000/120000 (33.3%)    31.7 min  eta   63.4 min
    [minimal] ep  40000/120000 (33.3%)    31.7 min  eta   63.4 min
    [no_scalars] ep  40000/120000 (33.3%)    31.7 min  eta   63.5 min
    [none] ep  40000/120000 (33.3%)    31.8 min  eta   63.7 min
    [no_history] ep  45000/120000 (37.5%)    35.6 min  eta   59.3 min
    [no_voids] ep  45000/120000 (37.5%)    35.6 min  eta   59.3 min
    [minimal] ep  45000/120000 (37.5%)    35.6 min  eta   59.4 min
    [no_ten_status] ep  45000/120000 (37.5%)    35.6 min  eta   59.4 min
    [no_scalars] ep  45000/120000 (37.5%)    35.7 min  eta   59.5 min
    [none] ep  45000/120000 (37.5%)    35.8 min  eta   59.7 min
    [no_history] ep  50000/120000 (41.7%)    39.5 min  eta   55.3 min
    [no_voids] ep  50000/120000 (41.7%)    39.5 min  eta   55.3 min
    [minimal] ep  50000/120000 (41.7%)    39.6 min  eta   55.4 min
    [no_ten_status] ep  50000/120000 (41.7%)    39.6 min  eta   55.4 min
    [no_scalars] ep  50000/120000 (41.7%)    39.6 min  eta   55.5 min
    [none] ep  50000/120000 (41.7%)    39.7 min  eta   55.6 min
    [no_ten_status] ep  55000/120000 (45.8%)    43.5 min  eta   51.4 min
    [minimal] ep  55000/120000 (45.8%)    43.5 min  eta   51.4 min
    [no_voids] ep  55000/120000 (45.8%)    43.5 min  eta   51.4 min
    [no_history] ep  55000/120000 (45.8%)    43.5 min  eta   51.4 min
    [no_scalars] ep  55000/120000 (45.8%)    43.6 min  eta   51.5 min
    [none] ep  55000/120000 (45.8%)    43.6 min  eta   51.6 min
    [no_ten_status] ep  60000/120000 (50.0%)    47.3 min  eta   47.3 min
    [no_voids] ep  60000/120000 (50.0%)    47.3 min  eta   47.3 min
    [minimal] ep  60000/120000 (50.0%)    47.3 min  eta   47.3 min
    [no_history] ep  60000/120000 (50.0%)    47.4 min  eta   47.4 min
    [no_scalars] ep  60000/120000 (50.0%)    47.5 min  eta   47.5 min
    [none] ep  60000/120000 (50.0%)    47.5 min  eta   47.5 min
    [no_ten_status] ep  65000/120000 (54.2%)    51.1 min  eta   43.3 min
    [no_voids] ep  65000/120000 (54.2%)    51.2 min  eta   43.3 min
    [minimal] ep  65000/120000 (54.2%)    51.2 min  eta   43.3 min
    [no_history] ep  65000/120000 (54.2%)    51.2 min  eta   43.3 min
    [no_scalars] ep  65000/120000 (54.2%)    51.3 min  eta   43.4 min
    [none] ep  65000/120000 (54.2%)    51.4 min  eta   43.5 min
    [minimal] ep  70000/120000 (58.3%)    55.2 min  eta   39.5 min
    [no_ten_status] ep  70000/120000 (58.3%)    55.2 min  eta   39.5 min
    [no_voids] ep  70000/120000 (58.3%)    55.3 min  eta   39.5 min
    [no_history] ep  70000/120000 (58.3%)    55.3 min  eta   39.5 min
    [no_scalars] ep  70000/120000 (58.3%)    55.4 min  eta   39.6 min
    [none] ep  70000/120000 (58.3%)    55.5 min  eta   39.6 min
  GreedyTricks     BR 0.7525 [0.7292,0.7767]   generic 0.6817 [0.6583,0.7058]   exploitability +0.0708  p=0.0000

3411s -> exploitability_GreedyTricks.json
  Random           BR 0.8492 [0.8283,0.8700]   generic 0.8458 [0.8242,0.8667]   exploitability +0.0033  p=0.8465

3451s -> exploitability_Random.json
  TensThenTricks   BR 0.7075 [0.6850,0.7308]   generic 0.6558 [0.6308,0.6808]   exploitability +0.0517  p=0.0008

3462s -> exploitability_TensThenTricks.json
  TenAware         BR 0.7508 [0.7258,0.7758]   generic 0.7108 [0.6858,0.7350]   exploitability +0.0400  p=0.0093
  Adaptive         BR 0.7683 [0.7433,0.7925]   generic 0.7042 [0.6800,0.7275]   exploitability +0.0642  p=0.0000

3503s -> exploitability_TenAware.json

3504s -> exploitability_Adaptive.json
    [no_ten_status] ep  75000/120000 (62.5%)    59.0 min  eta   35.4 min
    [minimal] ep  75000/120000 (62.5%)    59.0 min  eta   35.4 min
    [no_voids] ep  75000/120000 (62.5%)    59.1 min  eta   35.4 min
    [no_history] ep  75000/120000 (62.5%)    59.1 min  eta   35.5 min
    [no_scalars] ep  75000/120000 (62.5%)    59.1 min  eta   35.5 min
    [none] ep  75000/120000 (62.5%)    59.2 min  eta   35.5 min
    [no_ten_status] ep  80000/120000 (66.7%)    62.5 min  eta   31.3 min
    [minimal] ep  80000/120000 (66.7%)    62.5 min  eta   31.3 min
    [no_voids] ep  80000/120000 (66.7%)    62.6 min  eta   31.3 min
    [no_history] ep  80000/120000 (66.7%)    62.6 min  eta   31.3 min
    [no_scalars] ep  80000/120000 (66.7%)    62.6 min  eta   31.3 min
    [none] ep  80000/120000 (66.7%)    62.7 min  eta   31.3 min
    [no_ten_status] ep  85000/120000 (70.8%)    66.1 min  eta   27.2 min
    [minimal] ep  85000/120000 (70.8%)    66.1 min  eta   27.2 min
    [no_history] ep  85000/120000 (70.8%)    66.2 min  eta   27.2 min
    [no_voids] ep  85000/120000 (70.8%)    66.2 min  eta   27.2 min
    [no_scalars] ep  85000/120000 (70.8%)    66.2 min  eta   27.3 min
    [none] ep  85000/120000 (70.8%)    66.3 min  eta   27.3 min
    [no_ten_status] ep  90000/120000 (75.0%)    69.7 min  eta   23.2 min
    [minimal] ep  90000/120000 (75.0%)    69.7 min  eta   23.2 min
    [no_history] ep  90000/120000 (75.0%)    69.8 min  eta   23.3 min
    [no_voids] ep  90000/120000 (75.0%)    69.8 min  eta   23.3 min
    [no_scalars] ep  90000/120000 (75.0%)    69.8 min  eta   23.3 min
    [none] ep  90000/120000 (75.0%)    69.9 min  eta   23.3 min
    [no_ten_status] ep  95000/120000 (79.2%)    73.2 min  eta   19.3 min
    [minimal] ep  95000/120000 (79.2%)    73.3 min  eta   19.3 min
    [no_history] ep  95000/120000 (79.2%)    73.4 min  eta   19.3 min
    [no_scalars] ep  95000/120000 (79.2%)    73.4 min  eta   19.3 min
    [no_voids] ep  95000/120000 (79.2%)    73.4 min  eta   19.3 min
    [none] ep  95000/120000 (79.2%)    73.5 min  eta   19.3 min
    [no_ten_status] ep 100000/120000 (83.3%)    76.9 min  eta   15.4 min
    [minimal] ep 100000/120000 (83.3%)    76.9 min  eta   15.4 min
    [no_history] ep 100000/120000 (83.3%)    77.0 min  eta   15.4 min
    [none] ep 100000/120000 (83.3%)    77.0 min  eta   15.4 min
    [no_voids] ep 100000/120000 (83.3%)    77.0 min  eta   15.4 min
    [no_scalars] ep 100000/120000 (83.3%)    77.0 min  eta   15.4 min
    [minimal] ep 105000/120000 (87.5%)    80.5 min  eta   11.5 min
    [no_history] ep 105000/120000 (87.5%)    80.5 min  eta   11.5 min
    [no_ten_status] ep 105000/120000 (87.5%)    80.5 min  eta   11.5 min
    [no_scalars] ep 105000/120000 (87.5%)    80.6 min  eta   11.5 min
    [none] ep 105000/120000 (87.5%)    80.6 min  eta   11.5 min
    [no_voids] ep 105000/120000 (87.5%)    80.6 min  eta   11.5 min
    [no_ten_status] ep 110000/120000 (91.7%)    84.0 min  eta    7.6 min
    [no_history] ep 110000/120000 (91.7%)    84.1 min  eta    7.6 min
    [minimal] ep 110000/120000 (91.7%)    84.2 min  eta    7.7 min
    [no_scalars] ep 110000/120000 (91.7%)    84.2 min  eta    7.7 min
    [no_voids] ep 110000/120000 (91.7%)    84.2 min  eta    7.7 min
    [none] ep 110000/120000 (91.7%)    84.2 min  eta    7.7 min
    [no_ten_status] ep 115000/120000 (95.8%)    87.8 min  eta    3.8 min
    [minimal] ep 115000/120000 (95.8%)    87.9 min  eta    3.8 min
    [no_history] ep 115000/120000 (95.8%)    87.9 min  eta    3.8 min
    [no_scalars] ep 115000/120000 (95.8%)    88.0 min  eta    3.8 min
    [no_voids] ep 115000/120000 (95.8%)    88.0 min  eta    3.8 min
    [none] ep 115000/120000 (95.8%)    88.0 min  eta    3.8 min
    [no_ten_status] ep 120000/120000 (100.0%)    91.4 min  eta    0.0 min
    [no_history] ep 120000/120000 (100.0%)    91.6 min  eta    0.0 min
    [no_voids] ep 120000/120000 (100.0%)    91.6 min  eta    0.0 min
    [minimal] ep 120000/120000 (100.0%)    91.6 min  eta    0.0 min
    [none] ep 120000/120000 (100.0%)    91.6 min  eta    0.0 min
    [no_scalars] ep 120000/120000 (100.0%)    91.6 min  eta    0.0 min
FINAL ablate/no_ten_status: {'Random': {'win': 0.6091, 'ci': [0.5944, 0.6231]}, 'TensThenTricks': {'win': 0.3394, 'ci': [0.32, 0.3588]}} (5510s)
FINAL ablate/no_scalars: {'Random': {'win': 0.6147, 'ci': [0.6003, 0.6288]}, 'TensThenTricks': {'win': 0.3694, 'ci': [0.3494, 0.3887]}} (5516s)
FINAL ablate/no_voids: {'Random': {'win': 0.6294, 'ci': [0.6159, 0.6444]}, 'TensThenTricks': {'win': 0.3787, 'ci': [0.3581, 0.3987]}} (5516s)
FINAL ablate/no_history: {'Random': {'win': 0.6194, 'ci': [0.6038, 0.6347]}, 'TensThenTricks': {'win': 0.3887, 'ci': [0.3694, 0.4094]}} (5517s)
FINAL ablate/minimal: {'Random': {'win': 0.685, 'ci': [0.6713, 0.6994]}, 'TensThenTricks': {'win': 0.4644, 'ci': [0.4437, 0.485]}} (5518s)
FINAL ablate/none: {'Random': {'win': 0.5978, 'ci': [0.5822, 0.6138]}, 'TensThenTricks': {'win': 0.3494, 'ci': [0.3287, 0.3694]}} (5519s)
[10:19:06] seed 1 complete
[10:19:06] START ablate none seed 2
[10:19:06] START ablate no_ten_status seed 2
[10:19:06] START ablate no_voids seed 2
[10:19:06] START ablate no_history seed 2
[10:19:06] START ablate no_scalars seed 2
[10:19:06] START ablate minimal seed 2
[encoding ablation: minimal — 241/360 features zeroed]
[encoding ablation: no_scalars — 5/360 features zeroed]
[encoding ablation: no_ten_status — 12/360 features zeroed]
[encoding ablation: no_voids — 16/360 features zeroed]
[encoding ablation: no_history — 208/360 features zeroed]
[encoding ablation: none — 0/360 features zeroed]
    [none] ep   5000/120000 ( 4.2%)     3.3 min  eta   75.0 min
    [minimal] ep   5000/120000 ( 4.2%)     3.3 min  eta   75.9 min
    [no_history] ep   5000/120000 ( 4.2%)     3.3 min  eta   76.1 min
    [no_ten_status] ep   5000/120000 ( 4.2%)     3.3 min  eta   76.4 min
    [no_voids] ep   5000/120000 ( 4.2%)     3.3 min  eta   76.5 min
    [no_scalars] ep   5000/120000 ( 4.2%)     3.4 min  eta   77.1 min
    [none] ep  10000/120000 ( 8.3%)     6.9 min  eta   75.6 min
    [no_history] ep  10000/120000 ( 8.3%)     6.9 min  eta   75.9 min
    [minimal] ep  10000/120000 ( 8.3%)     6.9 min  eta   76.0 min
    [no_ten_status] ep  10000/120000 ( 8.3%)     6.9 min  eta   76.0 min
    [no_voids] ep  10000/120000 ( 8.3%)     6.9 min  eta   76.1 min
    [no_scalars] ep  10000/120000 ( 8.3%)     7.0 min  eta   77.2 min
    [no_voids] ep  15000/120000 (12.5%)    10.4 min  eta   73.1 min
    [no_ten_status] ep  15000/120000 (12.5%)    10.5 min  eta   73.3 min
    [none] ep  15000/120000 (12.5%)    10.5 min  eta   73.5 min
    [no_history] ep  15000/120000 (12.5%)    10.5 min  eta   73.7 min
    [minimal] ep  15000/120000 (12.5%)    10.5 min  eta   73.8 min
    [no_scalars] ep  15000/120000 (12.5%)    10.6 min  eta   74.5 min
    [no_voids] ep  20000/120000 (16.7%)    14.0 min  eta   69.9 min
    [no_ten_status] ep  20000/120000 (16.7%)    14.0 min  eta   70.1 min
    [none] ep  20000/120000 (16.7%)    14.1 min  eta   70.5 min
    [minimal] ep  20000/120000 (16.7%)    14.2 min  eta   70.8 min
    [no_history] ep  20000/120000 (16.7%)    14.2 min  eta   70.9 min
    [no_scalars] ep  20000/120000 (16.7%)    14.3 min  eta   71.4 min
    [no_voids] ep  25000/120000 (20.8%)    17.6 min  eta   66.8 min
    [no_ten_status] ep  25000/120000 (20.8%)    17.6 min  eta   67.0 min
    [none] ep  25000/120000 (20.8%)    17.7 min  eta   67.2 min
    [no_history] ep  25000/120000 (20.8%)    17.8 min  eta   67.6 min
    [minimal] ep  25000/120000 (20.8%)    17.8 min  eta   67.6 min
    [no_scalars] ep  25000/120000 (20.8%)    17.9 min  eta   67.9 min
    [no_ten_status] ep  30000/120000 (25.0%)    21.1 min  eta   63.4 min
    [none] ep  30000/120000 (25.0%)    21.2 min  eta   63.7 min
    [no_voids] ep  30000/120000 (25.0%)    21.3 min  eta   63.8 min
    [minimal] ep  30000/120000 (25.0%)    21.4 min  eta   64.2 min
    [no_history] ep  30000/120000 (25.0%)    21.4 min  eta   64.2 min
    [no_scalars] ep  30000/120000 (25.0%)    21.5 min  eta   64.5 min
    [no_ten_status] ep  35000/120000 (29.2%)    24.7 min  eta   59.9 min
    [none] ep  35000/120000 (29.2%)    24.8 min  eta   60.3 min
    [no_voids] ep  35000/120000 (29.2%)    24.9 min  eta   60.4 min
    [no_history] ep  35000/120000 (29.2%)    25.0 min  eta   60.7 min
    [minimal] ep  35000/120000 (29.2%)    25.0 min  eta   60.7 min
    [no_scalars] ep  35000/120000 (29.2%)    25.1 min  eta   60.9 min
    [no_ten_status] ep  40000/120000 (33.3%)    28.3 min  eta   56.5 min
    [none] ep  40000/120000 (33.3%)    28.3 min  eta   56.7 min
    [no_voids] ep  40000/120000 (33.3%)    28.4 min  eta   56.9 min
    [no_history] ep  40000/120000 (33.3%)    28.5 min  eta   57.1 min
    [minimal] ep  40000/120000 (33.3%)    28.7 min  eta   57.4 min
    [no_scalars] ep  40000/120000 (33.3%)    28.7 min  eta   57.5 min
    [no_ten_status] ep  45000/120000 (37.5%)    31.9 min  eta   53.2 min
    [none] ep  45000/120000 (37.5%)    32.0 min  eta   53.4 min
    [no_voids] ep  45000/120000 (37.5%)    32.1 min  eta   53.6 min
    [no_history] ep  45000/120000 (37.5%)    32.3 min  eta   53.8 min
    [minimal] ep  45000/120000 (37.5%)    32.5 min  eta   54.1 min
    [no_scalars] ep  45000/120000 (37.5%)    32.5 min  eta   54.2 min
    [no_ten_status] ep  50000/120000 (41.7%)    35.6 min  eta   49.8 min
    [none] ep  50000/120000 (41.7%)    35.7 min  eta   50.0 min
    [no_voids] ep  50000/120000 (41.7%)    35.9 min  eta   50.2 min
    [no_history] ep  50000/120000 (41.7%)    35.9 min  eta   50.3 min
    [minimal] ep  50000/120000 (41.7%)    36.1 min  eta   50.6 min
    [no_scalars] ep  50000/120000 (41.7%)    36.2 min  eta   50.7 min
    [no_ten_status] ep  55000/120000 (45.8%)    39.2 min  eta   46.4 min
    [none] ep  55000/120000 (45.8%)    39.4 min  eta   46.5 min
    [no_voids] ep  55000/120000 (45.8%)    39.5 min  eta   46.7 min
    [no_history] ep  55000/120000 (45.8%)    39.7 min  eta   46.9 min
    [minimal] ep  55000/120000 (45.8%)    39.8 min  eta   47.0 min
    [no_scalars] ep  55000/120000 (45.8%)    39.9 min  eta   47.1 min
    [no_ten_status] ep  60000/120000 (50.0%)    42.8 min  eta   42.8 min
    [none] ep  60000/120000 (50.0%)    43.0 min  eta   43.0 min
    [no_voids] ep  60000/120000 (50.0%)    43.1 min  eta   43.1 min
    [no_history] ep  60000/120000 (50.0%)    43.3 min  eta   43.3 min
    [minimal] ep  60000/120000 (50.0%)    43.4 min  eta   43.4 min
    [no_scalars] ep  60000/120000 (50.0%)    43.5 min  eta   43.5 min
    [no_ten_status] ep  65000/120000 (54.2%)    46.4 min  eta   39.3 min
    [none] ep  65000/120000 (54.2%)    46.6 min  eta   39.4 min
    [no_voids] ep  65000/120000 (54.2%)    46.7 min  eta   39.5 min
    [no_history] ep  65000/120000 (54.2%)    46.9 min  eta   39.7 min
    [minimal] ep  65000/120000 (54.2%)    47.0 min  eta   39.8 min
    [no_scalars] ep  65000/120000 (54.2%)    47.2 min  eta   39.9 min
    [no_ten_status] ep  70000/120000 (58.3%)    50.1 min  eta   35.8 min
    [none] ep  70000/120000 (58.3%)    50.1 min  eta   35.8 min
    [no_voids] ep  70000/120000 (58.3%)    50.2 min  eta   35.9 min
    [no_history] ep  70000/120000 (58.3%)    50.5 min  eta   36.1 min
    [minimal] ep  70000/120000 (58.3%)    50.6 min  eta   36.1 min
    [no_scalars] ep  70000/120000 (58.3%)    50.8 min  eta   36.3 min
    [no_ten_status] ep  75000/120000 (62.5%)    53.6 min  eta   32.2 min
    [none] ep  75000/120000 (62.5%)    53.7 min  eta   32.2 min
    [no_voids] ep  75000/120000 (62.5%)    53.8 min  eta   32.3 min
    [no_history] ep  75000/120000 (62.5%)    54.0 min  eta   32.4 min
    [minimal] ep  75000/120000 (62.5%)    54.2 min  eta   32.5 min
    [no_scalars] ep  75000/120000 (62.5%)    54.6 min  eta   32.7 min
    [no_ten_status] ep  80000/120000 (66.7%)    57.2 min  eta   28.6 min
    [none] ep  80000/120000 (66.7%)    57.3 min  eta   28.6 min
    [no_voids] ep  80000/120000 (66.7%)    57.4 min  eta   28.7 min
    [no_history] ep  80000/120000 (66.7%)    57.6 min  eta   28.8 min
    [minimal] ep  80000/120000 (66.7%)    57.8 min  eta   28.9 min
    [no_scalars] ep  80000/120000 (66.7%)    58.2 min  eta   29.1 min
    [no_ten_status] ep  85000/120000 (70.8%)    60.8 min  eta   25.0 min
    [none] ep  85000/120000 (70.8%)    60.9 min  eta   25.1 min
    [no_voids] ep  85000/120000 (70.8%)    60.9 min  eta   25.1 min
    [no_history] ep  85000/120000 (70.8%)    61.2 min  eta   25.2 min
    [minimal] ep  85000/120000 (70.8%)    61.5 min  eta   25.3 min
    [no_scalars] ep  85000/120000 (70.8%)    61.8 min  eta   25.4 min
    [no_ten_status] ep  90000/120000 (75.0%)    64.3 min  eta   21.4 min
    [none] ep  90000/120000 (75.0%)    64.5 min  eta   21.5 min
    [no_voids] ep  90000/120000 (75.0%)    64.5 min  eta   21.5 min
    [no_history] ep  90000/120000 (75.0%)    64.9 min  eta   21.6 min
    [minimal] ep  90000/120000 (75.0%)    65.0 min  eta   21.7 min
    [no_scalars] ep  90000/120000 (75.0%)    65.4 min  eta   21.8 min
    [no_ten_status] ep  95000/120000 (79.2%)    67.9 min  eta   17.9 min
    [none] ep  95000/120000 (79.2%)    68.1 min  eta   17.9 min
    [no_voids] ep  95000/120000 (79.2%)    68.2 min  eta   17.9 min
    [no_history] ep  95000/120000 (79.2%)    68.6 min  eta   18.0 min
    [minimal] ep  95000/120000 (79.2%)    68.6 min  eta   18.1 min
    [no_scalars] ep  95000/120000 (79.2%)    68.9 min  eta   18.1 min
    [no_ten_status] ep 100000/120000 (83.3%)    71.5 min  eta   14.3 min
    [none] ep 100000/120000 (83.3%)    71.7 min  eta   14.3 min
    [no_voids] ep 100000/120000 (83.3%)    71.7 min  eta   14.3 min
    [no_history] ep 100000/120000 (83.3%)    72.2 min  eta   14.4 min
    [minimal] ep 100000/120000 (83.3%)    72.2 min  eta   14.4 min
    [no_scalars] ep 100000/120000 (83.3%)    72.6 min  eta   14.5 min
    [no_ten_status] ep 105000/120000 (87.5%)    75.1 min  eta   10.7 min
    [none] ep 105000/120000 (87.5%)    75.3 min  eta   10.8 min
    [no_voids] ep 105000/120000 (87.5%)    75.3 min  eta   10.8 min
    [no_history] ep 105000/120000 (87.5%)    75.7 min  eta   10.8 min
    [minimal] ep 105000/120000 (87.5%)    75.8 min  eta   10.8 min
    [no_scalars] ep 105000/120000 (87.5%)    76.2 min  eta   10.9 min
    [no_ten_status] ep 110000/120000 (91.7%)    78.7 min  eta    7.2 min
    [none] ep 110000/120000 (91.7%)    78.9 min  eta    7.2 min
    [no_voids] ep 110000/120000 (91.7%)    78.9 min  eta    7.2 min
    [no_history] ep 110000/120000 (91.7%)    79.3 min  eta    7.2 min
    [minimal] ep 110000/120000 (91.7%)    79.4 min  eta    7.2 min
    [no_scalars] ep 110000/120000 (91.7%)    79.9 min  eta    7.3 min
    [no_ten_status] ep 115000/120000 (95.8%)    82.2 min  eta    3.6 min
    [none] ep 115000/120000 (95.8%)    82.5 min  eta    3.6 min
    [no_voids] ep 115000/120000 (95.8%)    82.5 min  eta    3.6 min
    [no_history] ep 115000/120000 (95.8%)    82.9 min  eta    3.6 min
    [minimal] ep 115000/120000 (95.8%)    83.0 min  eta    3.6 min
    [no_scalars] ep 115000/120000 (95.8%)    83.6 min  eta    3.6 min
    [no_ten_status] ep 120000/120000 (100.0%)    85.8 min  eta    0.0 min
    [no_voids] ep 120000/120000 (100.0%)    86.0 min  eta    0.0 min
    [none] ep 120000/120000 (100.0%)    86.1 min  eta    0.0 min
FINAL ablate/no_ten_status: {'Random': {'win': 0.6244, 'ci': [0.61, 0.6394]}, 'TensThenTricks': {'win': 0.3919, 'ci': [0.3719, 0.4119]}} (5168s)
FINAL ablate/none: {'Random': {'win': 0.6038, 'ci': [0.5891, 0.6178]}, 'TensThenTricks': {'win': 0.3506, 'ci': [0.33, 0.3719]}} (5185s)
FINAL ablate/no_voids: {'Random': {'win': 0.5894, 'ci': [0.5747, 0.6041]}, 'TensThenTricks': {'win': 0.3513, 'ci': [0.3306, 0.3725]}} (5186s)
    [no_history] ep 120000/120000 (100.0%)    86.4 min  eta    0.0 min
    [minimal] ep 120000/120000 (100.0%)    86.5 min  eta    0.0 min
FINAL ablate/no_history: {'Random': {'win': 0.5969, 'ci': [0.5822, 0.6116]}, 'TensThenTricks': {'win': 0.3444, 'ci': [0.325, 0.3638]}} (5206s)
FINAL ablate/minimal: {'Random': {'win': 0.6447, 'ci': [0.6309, 0.6597]}, 'TensThenTricks': {'win': 0.4081, 'ci': [0.3887, 0.4281]}} (5209s)
    [no_scalars] ep 120000/120000 (100.0%)    86.9 min  eta    0.0 min
FINAL ablate/no_scalars: {'Random': {'win': 0.6194, 'ci': [0.6044, 0.6334]}, 'TensThenTricks': {'win': 0.355, 'ci': [0.335, 0.3744]}} (5228s)
[11:46:15] seed 2 complete
[11:46:15] merging per-target exploitability
merged 5 targets -> exploitability_search.json
generating figures -> ../08-figures
  wrote fig1_agent_hierarchy.pdf / .png  — source: championship_results.json, final_tournament.json
  wrote fig2_objective_tension.pdf / .png  — n=10,000 hands, from decomposition.json
  wrote fig3_latency_vs_strength.pdf / .png  — source: eval_curve.json
  wrote fig4_reward_ablation.pdf / .png  — 3 seed(s), source eval_rl.json
  wrote fig5_learning_curves.pdf / .png  — 4 methods, 3 seeds, band = ±1 SD across seeds
  wrote fig6_game_statistics.pdf / .png  — n=30,000 random-play hands
  wrote fig7_distillation.pdf / .png  — source: rl_distill_s*.json
  wrote fig8_exploitability.pdf / .png  — source: exploitability_search.json (exploit_*.json superseded)
  wrote fig9_encoding_ablation.pdf / .png  — source: ablate_*_s*.json
  wrote fig10_seed_variance.pdf / .png  — source: rl_*_s*.json
done
  81 artifacts, 134.9 CPU-hours recorded
  -> ../12-compute/compute.json and compute.md
COMPLETE Thu Sep  3 11:46:22 +0545 2026
